1

                                             * * * * * * * * *  L H S  * * * * * * * * *

                                             LATIN HYPERCUBE AND RANDOM SAMPLING PROGRAM

                                             * * * * * * * * * * * * * * * * * * * * * *


    Run on  1/ 3/16 at  4:15: 4.55 with LHS Version: 2.30 Release 1, Compiled May 31, 2001        


0    Pecos::LHSDriver

    Random Seed =       12347

    Number of Variables =   8

    Number of Observations =   50
0   The sample was written to the file: LHS_samples.out
0   Input was read from the file: 
1

    Pecos::LHSDriver                                                                                                             

    VARIABLE  DISTRIBUTION          RANGE            LABEL
0       1     NORMAL WITH THE PARAMETERS BELOW                                                       
                           MU =   50.0                   SIGMA =   8.00    
0       2     NORMAL WITH THE PARAMETERS BELOW                                                       
                           MU =   50.0                   SIGMA =   6.00    
0       3     NORMAL WITH THE PARAMETERS BELOW                                                       
                           MU =   80.0                   SIGMA =   4.00    
0       4     NORMAL WITH THE PARAMETERS BELOW                                                       
                           MU =   60.0                   SIGMA =   2.00    
0       5     BINOMIAL WITH THE PARAMETERS BELOW                                                       
                           REAL PARAMETER=  0.200                   INTEGER PARAMETER= 
0       6     BINOMIAL WITH THE PARAMETERS BELOW                                                       
                           REAL PARAMETER=  0.200                   INTEGER PARAMETER= 
0       7     NEGATIVE BINOMIAL WITH THE PARAMETERS BELOW                                                       
                           REAL PARAMETER=  0.100                   INTEGER PARAMETER= 
0       8     NEGATIVE BINOMIAL WITH THE PARAMETERS BELOW                                                       
                           REAL PARAMETER=  0.100                   INTEGER PARAMETER= 
